<html>
<body>
<pre>
<h1>µVision Build Log</h1>
<h2>Tool Versions:</h2>
IDE-Version: ¦ÌVision V5.14.0.0
Copyright (C) 2015 ARM Ltd and ARM Germany GmbH. All rights reserved.
License Information: sf ivviw, Microsoft, LIC=KIV74-FR0P8-CZQWV-PK6QV-V5YI4-HQTSS
 
Tool Versions:
Toolchain:       MDK-ARM Professional  Version: 5.14.0.0
Toolchain Path:  D:\keil5.10\ARM\ARMCC\Bin
C Compiler:      Armcc.exe V5.05 update 1 (build 106)
Assembler:       Armasm.exe V5.05 update 1 (build 106)
Linker/Locator:  ArmLink.exe V5.05 update 1 (build 106)
Library Manager: ArmAr.exe V5.05 update 1 (build 106)
Hex Converter:   FromElf.exe V5.05 update 1 (build 106)
CPU DLL:         SARMCM3.DLL V5.14.0.0
Dialog DLL:      DCM.DLL V1.13.1.0
Target DLL:      UL2CM3.DLL V1.155.0.0
Dialog DLL:      TCM.DLL V1.14.4.0
 
<h2>Project:</h2>
C:\Users\Administrator\Desktop\RTOS\tinyos.uvprojx
Project File Date:  05/17/2018

<h2>Output:</h2>
Rebuild target 'Target 1'
compiling main.c...
Source\main.c(15): warning:  #1-D: last line of file ends without a newline
  }
Source\main.c: 1 warning, 0 errors
assembling startup_ARMCM3.s...
compiling system_ARMCM3.c...
linking...
Program Size: Code=396 RO-data=224 RW-data=8 ZI-data=4192  
".\Objects\tinyos.axf" - 0 Error(s), 1 Warning(s).

<h2>Software Packages used:</h2>

Package Vendor: ARM
                http://www.keil.com/pack/ARM.CMSIS.4.2.0.pack
                ARM::CMSIS:CORE:3.40.0
                CMSIS (Cortex Microcontroller Software Interface Standard)
   * Component: CORE Version: 3.40.0
   * Component: Startup Version: 1.0.1

<h2>Collection of Component include folders:</h2>
  C:\Users\Administrator\Desktop\RTOS\RTE
  D:\keil5.10\ARM\PACK\ARM\CMSIS\4.2.0\CMSIS\Include
  D:\keil5.10\ARM\PACK\ARM\CMSIS\4.2.0\Device\ARM\ARMCM3\Include

<h2>Collection of Component Files used:</h2>

   * Component: ARM::CMSIS:CORE:3.40.0
      Source file:   CMSIS\UserCodeTemplates\ARM\ITM_Retarget.c

   * Component: ARM::Device:Startup:1.0.1
      Include file:  Device\ARM\ARMCM3\Include\ARMCM3.h
      Source file:   Device\ARM\ARMCM3\Source\ARM\startup_ARMCM3.s
      Source file:   Device\ARM\ARMCM3\Source\system_ARMCM3.c
</pre>
</body>
</html>
